260205 23:00:54 mysqld_safe Starting mariadbd daemon with databases from /config/databases
2026-02-05 23:00:54 0 [Note] Starting MariaDB 11.4.8-MariaDB-log source revision c4ed889b74ed95fa8b4eaf96610d4c1480b346a4 server_uid foafVpQ8R4XZ3BEEY7O5dEJCl5o= as process 491
2026-02-05 23:00:54 0 [Warning] Setting lower_case_table_names=2 because file system for /config/databases/ is case insensitive
2026-02-05 23:00:54 0 [Note] InnoDB: Compressed tables use zlib 1.3.1
2026-02-05 23:00:54 0 [Note] InnoDB: Number of transaction pools: 1
2026-02-05 23:00:54 0 [Note] InnoDB: Using ARMv8 crc32 + pmull instructions
2026-02-05 23:00:54 0 [Note] InnoDB: Using Linux native AIO
2026-02-05 23:00:54 0 [Note] InnoDB: innodb_buffer_pool_size_max=256m, innodb_buffer_pool_size=256m
2026-02-05 23:00:54 0 [Note] InnoDB: Completed initialization of buffer pool
2026-02-05 23:00:54 0 [Note] InnoDB: Buffered log writes (block size=512 bytes)
2026-02-05 23:00:54 0 [Note] InnoDB: End of log at LSN=47875
2026-02-05 23:00:54 0 [Note] InnoDB: Opened 3 undo tablespaces
2026-02-05 23:00:54 0 [Note] InnoDB: 128 rollback segments in 3 undo tablespaces are active.
2026-02-05 23:00:54 0 [Note] InnoDB: Setting file './ibtmp1' size to 12.000MiB. Physically writing the file full; Please wait ...
2026-02-05 23:00:54 0 [Note] InnoDB: File './ibtmp1' size is now 12.000MiB.
2026-02-05 23:00:54 0 [Note] InnoDB: log sequence number 47875; transaction id 15
2026-02-05 23:00:54 0 [Note] Plugin 'FEEDBACK' is disabled.
2026-02-05 23:00:54 0 [Note] InnoDB: Loading buffer pool(s) from /config/databases/ib_buffer_pool
2026-02-05 23:00:54 0 [Note] Plugin 'wsrep-provider' is disabled.
2026-02-05 23:00:54 0 [Note] InnoDB: Buffer pool(s) load completed at 260205 23:00:54
2026-02-05 23:00:54 0 [Note] Server socket created on IP: '0.0.0.0', port: '3306'.
2026-02-05 23:00:54 0 [Note] Server socket created on IP: '::', port: '3306'.
2026-02-05 23:00:54 0 [Note] mariadbd: Event Scheduler: Loaded 0 events
2026-02-05 23:00:54 0 [Note] /usr/bin/mariadbd: ready for connections.
Version: '11.4.8-MariaDB-log'  socket: '/run/mysqld/mysqld.sock'  port: 3306  Alpine Linux
2026-02-05 23:00:55 5 [Warning] Aborted connection 5 to db: 'unconnected' user: 'unauthenticated' host: 'localhost' (This connection closed normally without authentication)
2026-02-05 23:00:55 7 [Warning] Access denied for user 'root'@'localhost' (using password: YES)
2026-02-05 23:00:55 4 [Warning] Aborted connection 4 to db: 'unconnected' user: 'unauthenticated' host: 'henplab-wiki.bookstack_default' (This connection closed normally without authentication)
2026-02-05 23:28:42 0 [Note] /usr/bin/mariadbd (initiated by: unknown): Normal shutdown
2026-02-05 23:28:42 0 [Note] InnoDB: FTS optimize thread exiting.
2026-02-05 23:28:42 0 [Note] InnoDB: Starting shutdown...
2026-02-05 23:28:42 0 [Note] InnoDB: Dumping buffer pool(s) to /config/databases/ib_buffer_pool
2026-02-05 23:28:42 0 [Note] InnoDB: Buffer pool(s) dump completed at 260205 23:28:42
2026-02-05 23:28:42 0 [Note] InnoDB: Removed temporary tablespace data file: "./ibtmp1"
2026-02-05 23:28:42 0 [Note] InnoDB: Shutdown completed; log sequence number 3503757; transaction id 3348
2026-02-05 23:28:42 0 [Note] /usr/bin/mariadbd: Shutdown complete
260205 23:28:42 mysqld_safe mysqld from pid file /run/mysqld/mysqld.pid ended
